09-03 12:42:46 com_github_MitjaNemec_ReplicateLayout.action_replicate_layout 392:Plugin executed on: 'win32'
09-03 12:42:46 com_github_MitjaNemec_ReplicateLayout.action_replicate_layout 393:Plugin executed with python version: '3.11.5 (main, May 10 2024, 05:24:12) [MSC v.1939 64 bit (AMD64)]'
09-03 12:42:46 com_github_MitjaNemec_ReplicateLayout.action_replicate_layout 394:KiCad build version: 8.0.3
09-03 12:42:46 com_github_MitjaNemec_ReplicateLayout.action_replicate_layout 395:Plugin version: 3.0.3
09-03 12:42:46 com_github_MitjaNemec_ReplicateLayout.action_replicate_layout 396:Frame repr: <wx._core.Frame object at 0x000001B998D34EE0>
09-03 12:42:46 com_github_MitjaNemec_ReplicateLayout.action_replicate_layout 420:Preparing replicator with U3 as a reference
09-03 12:42:46 com_github_MitjaNemec_ReplicateLayout.replicate_layout 117:getting a list of all footprints on board
09-03 12:42:46 com_github_MitjaNemec_ReplicateLayout.action_replicate_layout 468:source anchor footprint is 'U3'
Located on: ['Isolated PWR1']
With filenames: ['iso_pwr.kicad_sch']
With sheet_id:['Isolated PWR1']
09-03 12:42:46 com_github_MitjaNemec_ReplicateLayout.action_replicate_layout 475:Corresponding footprints are 
[('U2', ['Isolated PWR']), ('U3', ['Isolated PWR1']), ('U4', ['Isolated PWR2'])]
09-03 12:42:46 com_github_MitjaNemec_ReplicateLayout.action_replicate_layout 487:Showing dialog
09-03 12:42:46 com_github_MitjaNemec_ReplicateLayout.replicate_layout 472:constructing a list of sheets suitable for replication on level:'Isolated PWR1', file:'iso_pwr.kicad_sch'
09-03 12:42:46 com_github_MitjaNemec_ReplicateLayout.replicate_layout 509:suitable sheets are:[['Isolated PWR'], ['Isolated PWR2']]
09-03 12:42:47 com_github_MitjaNemec_ReplicateLayout.replicate_layout 1507:Level selected: ['Isolated PWR1']
09-03 12:42:47 com_github_MitjaNemec_ReplicateLayout.replicate_layout 1331:Filtering list of tracks
09-03 12:42:47 com_github_MitjaNemec_ReplicateLayout.action_replicate_layout 493:Toolbar position: wx.Point(3806, 77)
09-03 12:42:47 com_github_MitjaNemec_ReplicateLayout.action_replicate_layout 498:Dialog position: wx.Point(3367, 77)
09-03 12:42:55 com_github_MitjaNemec_ReplicateLayout.replicate_layout 472:constructing a list of sheets suitable for replication on level:'Isolated PWR1', file:'iso_pwr.kicad_sch'
09-03 12:42:55 com_github_MitjaNemec_ReplicateLayout.replicate_layout 509:suitable sheets are:[['Isolated PWR'], ['Isolated PWR2']]
09-03 12:42:55 com_github_MitjaNemec_ReplicateLayout.action_replicate_layout 240:Replicating layout
09-03 12:42:55 com_github_MitjaNemec_ReplicateLayout.replicate_layout 288:Starting replication of sheets: [['Isolated PWR']]
on level: ['Isolated PWR1']
with tracks=True, zone=True, text=True, text=True, intersecting=False, remove=False, locked footprints=False, group_only=False
09-03 12:42:55 root 332:updating GUI message: 'Preparing for replication'
09-03 12:42:55 root 337:updating GUI with: 0
09-03 12:42:55 com_github_MitjaNemec_ReplicateLayout.replicate_layout 358:Getting the list of source footprints
09-03 12:42:55 com_github_MitjaNemec_ReplicateLayout.replicate_layout 368:Getting the list of all the remaining footprints
09-03 12:42:55 com_github_MitjaNemec_ReplicateLayout.replicate_layout 375:Getting source tracks
09-03 12:42:55 com_github_MitjaNemec_ReplicateLayout.replicate_layout 1331:Filtering list of tracks
09-03 12:42:55 com_github_MitjaNemec_ReplicateLayout.replicate_layout 379:Getting source zones
09-03 12:42:55 com_github_MitjaNemec_ReplicateLayout.replicate_layout 383:Getting source text items
09-03 12:42:55 com_github_MitjaNemec_ReplicateLayout.replicate_layout 387:Getting source drawing items
09-03 12:42:55 root 332:updating GUI message: 'Replicating footprints'
09-03 12:42:55 com_github_MitjaNemec_ReplicateLayout.replicate_layout 861:Replicating footprints
09-03 12:42:55 root 337:updating GUI with: 0
09-03 12:42:55 com_github_MitjaNemec_ReplicateLayout.replicate_layout 868:Replicating footprints on sheet ['Isolated PWR']
09-03 12:42:55 com_github_MitjaNemec_ReplicateLayout.replicate_layout 985:Src text UUid:fb33787d-f1bf-4c5c-a48f-2e166ce7d8fa
09-03 12:42:55 com_github_MitjaNemec_ReplicateLayout.replicate_layout 986:Dst text UUid:8b6025eb-ee4c-4c29-8879-dcf972abe340
09-03 12:42:55 com_github_MitjaNemec_ReplicateLayout.replicate_layout 985:Src text UUid:3fae4f83-3c21-49f6-8098-e5b5d111d236
09-03 12:42:55 com_github_MitjaNemec_ReplicateLayout.replicate_layout 986:Dst text UUid:003fd66c-2403-4db0-8afc-3432ffdb5baa
09-03 12:42:55 com_github_MitjaNemec_ReplicateLayout.replicate_layout 985:Src text UUid:f9cd348d-5007-43d0-970d-e4ed14e187cb
09-03 12:42:55 com_github_MitjaNemec_ReplicateLayout.replicate_layout 986:Dst text UUid:dd7e9d53-f103-43bd-a869-6ac8f53aee3c
09-03 12:42:55 com_github_MitjaNemec_ReplicateLayout.replicate_layout 985:Src text UUid:8329072a-d5a0-4fb1-b53a-60f84d762a07
09-03 12:42:55 com_github_MitjaNemec_ReplicateLayout.replicate_layout 986:Dst text UUid:9adf0ae6-1c8a-4102-8717-0b88f7bb539a
09-03 12:42:55 com_github_MitjaNemec_ReplicateLayout.replicate_layout 985:Src text UUid:ef4aeb93-30e2-4559-99a8-c25adb26e88f
09-03 12:42:55 com_github_MitjaNemec_ReplicateLayout.replicate_layout 986:Dst text UUid:481a6f86-bb44-4029-a5b4-836bdc16c72d
09-03 12:42:55 com_github_MitjaNemec_ReplicateLayout.replicate_layout 985:Src text UUid:2d324575-7540-4711-ba7a-47748d188f7d
09-03 12:42:55 com_github_MitjaNemec_ReplicateLayout.replicate_layout 986:Dst text UUid:8ca60228-5734-49dd-a77a-ff70449b2ec9
09-03 12:42:55 com_github_MitjaNemec_ReplicateLayout.replicate_layout 985:Src text UUid:b4eb94d3-6707-4804-a959-d901cb16b349
09-03 12:42:55 com_github_MitjaNemec_ReplicateLayout.replicate_layout 986:Dst text UUid:580013cb-913b-42c1-b470-ed0ac51dd4f2
09-03 12:42:55 com_github_MitjaNemec_ReplicateLayout.replicate_layout 985:Src text UUid:a406bfba-91c8-465b-8e1d-cbc374465b13
09-03 12:42:55 com_github_MitjaNemec_ReplicateLayout.replicate_layout 986:Dst text UUid:2557aef5-8ae7-4a9c-b360-fdf92dfdcc91
09-03 12:42:55 com_github_MitjaNemec_ReplicateLayout.replicate_layout 985:Src text UUid:8a949a9b-d25d-40df-bc5e-c117cb127515
09-03 12:42:55 com_github_MitjaNemec_ReplicateLayout.replicate_layout 986:Dst text UUid:071c4ef0-adc0-413b-a0c3-647d131bdad7
09-03 12:42:55 com_github_MitjaNemec_ReplicateLayout.replicate_layout 985:Src text UUid:9d380b36-3143-4c38-bcbd-c17d31911268
09-03 12:42:55 com_github_MitjaNemec_ReplicateLayout.replicate_layout 986:Dst text UUid:2ebbc69d-0155-47d5-bd94-59d12341b932
09-03 12:42:55 com_github_MitjaNemec_ReplicateLayout.replicate_layout 985:Src text UUid:a03e1864-03a6-49a9-b192-6be2da73ff32
09-03 12:42:55 com_github_MitjaNemec_ReplicateLayout.replicate_layout 986:Dst text UUid:a95cf144-6020-40a7-9d98-89d2a7211ac6
09-03 12:42:55 com_github_MitjaNemec_ReplicateLayout.replicate_layout 985:Src text UUid:912f84af-802b-47e2-9e4e-778fcf7bc1bf
09-03 12:42:55 com_github_MitjaNemec_ReplicateLayout.replicate_layout 986:Dst text UUid:54f41281-cd58-4b3f-a3d6-a051ef4b605f
09-03 12:42:55 com_github_MitjaNemec_ReplicateLayout.replicate_layout 985:Src text UUid:8a31ed69-6f6c-4ee1-a8f7-02027f2d0c1e
09-03 12:42:55 com_github_MitjaNemec_ReplicateLayout.replicate_layout 986:Dst text UUid:ee567b53-3cc2-4316-9a84-40ee795432c7
09-03 12:42:55 com_github_MitjaNemec_ReplicateLayout.replicate_layout 985:Src text UUid:57e6ea90-01a3-4c43-b11b-497dee49be68
09-03 12:42:55 com_github_MitjaNemec_ReplicateLayout.replicate_layout 986:Dst text UUid:a30dafca-1b7c-4f53-a81d-43ee8d66902f
09-03 12:42:55 com_github_MitjaNemec_ReplicateLayout.replicate_layout 985:Src text UUid:ef50e5cf-f3ae-4abb-9911-1a895e103f7f
09-03 12:42:55 com_github_MitjaNemec_ReplicateLayout.replicate_layout 986:Dst text UUid:fbb6cba2-14ea-449d-bd8e-5e2a25274c9a
09-03 12:42:55 com_github_MitjaNemec_ReplicateLayout.replicate_layout 985:Src text UUid:d0ef420c-8505-4d1b-ab0c-51b663c80fa7
09-03 12:42:55 com_github_MitjaNemec_ReplicateLayout.replicate_layout 986:Dst text UUid:9ffa923b-9546-4f4a-9770-fec509c70ca0
09-03 12:42:55 com_github_MitjaNemec_ReplicateLayout.replicate_layout 985:Src text UUid:2b9b2405-6ea5-40cf-babb-4aa6c84500c8
09-03 12:42:55 com_github_MitjaNemec_ReplicateLayout.replicate_layout 986:Dst text UUid:9abefc4d-967d-4b0e-ac53-93f0a492694c
09-03 12:42:55 com_github_MitjaNemec_ReplicateLayout.replicate_layout 985:Src text UUid:0487d145-1d9f-4985-b0bc-e5b9344e6c1e
09-03 12:42:55 com_github_MitjaNemec_ReplicateLayout.replicate_layout 986:Dst text UUid:c7070df9-8ee2-474d-bb53-2d5bb24e5594
09-03 12:42:55 root 332:updating GUI message: 'Replicating tracks'
09-03 12:42:55 com_github_MitjaNemec_ReplicateLayout.replicate_layout 1009:Replicating tracks
09-03 12:42:55 com_github_MitjaNemec_ReplicateLayout.replicate_layout 1015:Replicating tracks on sheet ['Isolated PWR']
09-03 12:42:55 com_github_MitjaNemec_ReplicateLayout.replicate_layout 792:Net pairs for sheet ['Isolated PWR'] :[('Net-(PS2-+Vout)', 'Net-(PS1-+Vout)'), ('unconnected-(U3-NC-Pad4)', 'unconnected-(U2-NC-Pad4)'), ('/Isolated ADC/ISO_GND', '/Isolated ADC1/ISO_GND'), ('+5V', '+5V'), ('GND', 'GND'), ('/Isolated ADC/ISO_3V3', '/Isolated ADC1/ISO_3V3'), ('Net-(U3-EN)', 'Net-(U2-EN)')]
09-03 12:42:55 root 332:updating GUI message: 'Replicating zones'
09-03 12:42:55 com_github_MitjaNemec_ReplicateLayout.replicate_layout 1079:Replicating zones
09-03 12:42:55 com_github_MitjaNemec_ReplicateLayout.replicate_layout 1086:Replicating zones on sheet ['Isolated PWR']
09-03 12:42:55 com_github_MitjaNemec_ReplicateLayout.replicate_layout 792:Net pairs for sheet ['Isolated PWR'] :[('Net-(PS2-+Vout)', 'Net-(PS1-+Vout)'), ('unconnected-(U3-NC-Pad4)', 'unconnected-(U2-NC-Pad4)'), ('/Isolated ADC/ISO_GND', '/Isolated ADC1/ISO_GND'), ('+5V', '+5V'), ('GND', 'GND'), ('/Isolated ADC/ISO_3V3', '/Isolated ADC1/ISO_3V3'), ('Net-(U3-EN)', 'Net-(U2-EN)')]
09-03 12:42:55 root 332:updating GUI message: 'Replicating text'
09-03 12:42:55 com_github_MitjaNemec_ReplicateLayout.replicate_layout 1168:Replicating text
09-03 12:42:55 com_github_MitjaNemec_ReplicateLayout.replicate_layout 1175:Replicating text on sheet ['Isolated PWR']
09-03 12:42:55 root 332:updating GUI message: 'Replicating drawings'
09-03 12:42:55 com_github_MitjaNemec_ReplicateLayout.replicate_layout 1219:Replicating drawings
09-03 12:42:55 com_github_MitjaNemec_ReplicateLayout.replicate_layout 1225:Replicating drawings on sheet ['Isolated PWR']
09-03 12:42:56 com_github_MitjaNemec_ReplicateLayout.action_replicate_layout 256:Replication complete
